#SOURCELONG:Extras v.3.5	SOURCESHORT:Extras35	SOURCEWEB:http://example.com


#|Save Bonus (Will Resistance)							KEY:SAV_BONUS_RESIST_WILL			TYPE:Armor.Shield.Weapon.Amulet.Belt.Bracer.Cape.Glove.Headgear.Instrument.Mantle.Ring.Robe.Shirt.Eyegear.Boot			COST:(500*%CHOICE*%CHOICE)								VISIBLE:QUALIFY	ITYPE:Enhancement																																																																																								PREMULT:1,[PREMULT:2,[PRETYPE:Enhancement],[PRETYPE:Armor|Shield|Weapon]],[PRETYPE:Amulet|Belt|Bracer|Cape|Glove|Headgear|Instrument|Mantle|Ring|Robe|Shirt|Eyegear|Boot]																						BONUS:CHECKS|Will|%CHOICE|TYPE=Resistance																																																																																																										SPROP:Resistance bonus to all will saving throws of %|%CHOICE																																														CHOOSE:Resistance Bonus|MIN=1|MAX=5

#Spellcasting			KEY:ARMR_SPELLCASTING		TYPE:Armor				PLUS:1			VISIBLE:QUALIFY	ITYPE:Enhancement																									SOURCELONG:Mine	SOURCESHORT:mine	SOURCEPAGE:p.	PREMULT:2,[PRETYPE:Magic],[PRETYPE:Armor]																																																				BONUS:VAR|ItemEgo|1					SPROP:Spellcasting							DEFINE:ItemEgo|0	BONUS:EQMARMOR|SPELLFAILURE|-10
#Spellcasting			KEY:SHLD_SPELLCASTING		TYPE:Shield				PLUS:1			VISIBLE:QUALIFY	ITYPE:Enhancement																									SOURCELONG:Mine	SOURCESHORT:mine	SOURCEPAGE:p.	PREMULT:2,[PRETYPE:Shield],[PRETYPE:Magic]																																																			BONUS:VAR|ItemEgo|1					SPROP:Spellcasting							DEFINE:ItemEgo|0	BONUS:EQMARMOR|SPELLFAILURE|-10

#|Save Bonus (Profane)							KEY:CLOAK_SAV_BONUS_PROFANE						TYPE:Cloak						COST:(2500*%CHOICE*%CHOICE)											VISIBLE:QUALIFY	ITYPE:Magic																																																				SOURCELONG:Dungeon Master's Guide	SOURCESHORT:dmg		SOURCEPAGE:p.																		PRETYPE:Cloak								BONUS:CHECKS|Fortitude,Reflex,Will|%CHOICE|TYPE=Profane																																																																																																																							SPROP:Save Bonus (Profane)																					CHOOSE:Profane Bonus|MIN=1|MAX=5
#|Save Bonus (Resistance)						KEY:CLOAK_SAV_BONUS_RES							TYPE:Cloak						COST:(1000*%CHOICE*%CHOICE)											VISIBLE:QUALIFY	ITYPE:Magic																																																				SOURCELONG:Dungeon Master's Guide	SOURCESHORT:dmg		SOURCEPAGE:p.																		PRETYPE:Cloak								BONUS:CHECKS|Fortitude,Reflex,Will|%CHOICE|TYPE=Resistance																																																																																																																							SPROP:Save Bonus (Resistance)																					CHOOSE:Resistance Bonus|MIN=1|MAX=5
#|Save Bonus (Sacred)							KEY:CLOAK_SAV_BONUS_SACRED						TYPE:Cloak						COST:(2500*%CHOICE*%CHOICE)											VISIBLE:QUALIFY	ITYPE:Magic																																																				SOURCELONG:Dungeon Master's Guide	SOURCESHORT:dmg		SOURCEPAGE:p.																		PRETYPE:Cloak								BONUS:CHECKS|Fortitude,Reflex,Will|%CHOICE|TYPE=Sacred																																																																																																																							SPROP:Save Bonus (Sacred)																					CHOOSE:Sacred Bonus|MIN=1|MAX=5
#|Skill Bonus (Circumstance)						KEY:CLOAK_SKILL_BONUS_CIRCUMSTANCE					TYPE:Cloak						COST:(100*%CHOICE*%CHOICE)											VISIBLE:QUALIFY	ITYPE:Magic																																																				SOURCELONG:Dungeon Master's Guide	SOURCESHORT:dmg		SOURCEPAGE:p.																		PRETYPE:Cloak																																																																																BONUS:SKILL|%CHOICE|TYPE=Circumstance																																																		SPROP:Skill Bonus (Circumstance)																				CHOOSE:Circumstance Skill|SKILL|MIN=1|MAX=30
#|Skill Bonus (Competence)						KEY:CLOAK_SKILL_BONUS_COMPETENCE					TYPE:Cloak						COST:(100*%CHOICE*%CHOICE)											VISIBLE:QUALIFY	ITYPE:Magic																																																				SOURCELONG:Dungeon Master's Guide	SOURCESHORT:dmg		SOURCEPAGE:p.																		PRETYPE:Cloak																																																																																BONUS:SKILL|%CHOICE|TYPE=Competence																																																			SPROP:Skill Bonus (Competence)																				CHOOSE:Competence Skill|SKILL|MIN=1|MAX=30
#|Skill Bonus (Luck)							KEY:CLOAK_SKILL_BONUS_LUCK						TYPE:Cloak						COST:(100*%CHOICE*%CHOICE)											VISIBLE:QUALIFY	ITYPE:Magic																																																				SOURCELONG:Dungeon Master's Guide	SOURCESHORT:dmg		SOURCEPAGE:p.																		PRETYPE:Cloak																																																																																BONUS:SKILL|%CHOICE|TYPE=Luck																																																				SPROP:Skill Bonus (Luck)																					CHOOSE:Luck Skill|SKILL|MIN=1|MAX=30
#|Spell Effect (50 Charges/Spell Trigger)				KEY:CLOAK_SPELL_EFFECT_CHARGED					TYPE:Cloak						COST:((15*(max(%SPELLLEVEL,(1/2)))*%CASTERLEVEL)+%SPELLCOST+(5*%SPELLXPCOST))*%CHARGES	VISIBLE:QUALIFY	ITYPE:Magic																																																				SOURCELONG:Dungeon Master's Guide	SOURCESHORT:dmg		SOURCEPAGE:p.																		PRETYPE:Cloak																																																																																																																																								SPROP:Spell Effect (50 Charges/Spell Trigger)																		CHOOSE:EQBUILDER.SPELL																																																																																	CHARGES:1|50
#|Spell Effect (Command Word)						KEY:CLOAK_SPELL_EFFECT_COMMAND_WORD					TYPE:Cloak						COST:(1800*(max(%SPELLLEVEL,(1/2)))*%CASTERLEVEL)+%SPELLCOST+(5*%SPELLXPCOST)			VISIBLE:QUALIFY	ITYPE:Magic																																																				SOURCELONG:Dungeon Master's Guide	SOURCESHORT:dmg		SOURCEPAGE:p.																		PRETYPE:Cloak																																																																																																																																								SPROP:Spell Effect (Command Word)																				CHOOSE:EQBUILDER.SPELL
#|Spell Effect (Use Activated)						KEY:CLOAK_SPELL_EFFECT_USE_ACTIVATED				TYPE:Cloak						COST:(2000*(max(%SPELLLEVEL,(1/2)))*%CASTERLEVEL)+%SPELLCOST+(5*%SPELLXPCOST)			VISIBLE:QUALIFY	ITYPE:Magic																																																				SOURCELONG:Dungeon Master's Guide	SOURCESHORT:dmg		SOURCEPAGE:p.																		PRETYPE:Cloak																																																																																																																																								SPROP:Spell Effect (Use Activated)																				CHOOSE:EQBUILDER.SPELL
#Spell Resistance (13)							KEY:CLOAK_SPELL_RES_13							TYPE:Cloak						COST:10000														VISIBLE:QUALIFY	ITYPE:Magic	SOURCELONG:Dungeon Master's Guide	SOURCESHORT:dmg		SOURCEPAGE:p.	PREMULT:2,[PRETYPE:Cloak],[PRETYPE:Masterwork]	SR:13	SPROP:Spell Resistance (13)	REPLACES:CLOAK_SPELL_RES_15,CLOAK_SPELL_RES_17,CLOAK_SPELL_RES_19
#Spell Resistance (15)							KEY:CLOAK_SPELL_RES_15							TYPE:Cloak						COST:30000														VISIBLE:QUALIFY	ITYPE:Magic	SOURCELONG:Dungeon Master's Guide	SOURCESHORT:dmg		SOURCEPAGE:p.	PREMULT:2,[PRETYPE:Cloak],[PRETYPE:Masterwork]	SR:15	SPROP:Spell Resistance (15)	REPLACES:CLOAK_SPELL_RES_13,CLOAK_SPELL_RES_17,CLOAK_SPELL_RES_19
#Spell Resistance (17)							KEY:CLOAK_SPELL_RES_17							TYPE:Cloak						COST:50000														VISIBLE:QUALIFY	ITYPE:Magic	SOURCELONG:Dungeon Master's Guide	SOURCESHORT:dmg		SOURCEPAGE:p.	PREMULT:2,[PRETYPE:Cloak],[PRETYPE:Masterwork]	SR:17	SPROP:Spell Resistance (17)	REPLACES:CLOAK_SPELL_RES_13,CLOAK_SPELL_RES_15,CLOAK_SPELL_RES_19
#Spell Resistance (19)							KEY:CLOAK_SPELL_RES_19							TYPE:Cloak						COST:70000														VISIBLE:QUALIFY	ITYPE:Magic	SOURCELONG:Dungeon Master's Guide	SOURCESHORT:dmg		SOURCEPAGE:p.	PREMULT:2,[PRETYPE:Cloak],[PRETYPE:Masterwork]	SR:19	SPROP:Spell Resistance (19)	REPLACES:CLOAK_SPELL_RES_13,CLOAK_SPELL_RES_15,CLOAK_SPELL_RES_17
#|Spell Effect (Continuous/Spell duration in rounds)		KEY:CLOAK_SPL_CON_ROUND							TYPE:Cloak						COST:(4*(2000*(max(%SPELLLEVEL,(1/2)))*%CASTERLEVEL))+%SPELLCOST+(5*%SPELLXPCOST)		VISIBLE:QUALIFY	ITYPE:Magic																																																				SOURCELONG:Dungeon Master's Guide	SOURCESHORT:dmg		SOURCEPAGE:p.																		PRETYPE:Cloak																																																																																																																																																																	CHOOSE:EQBUILDER.SPELL
#|Spell Effect (Continuous/Spell duration 1 min/level)		KEY:CLOAK_SPL_CON_MINUTE						TYPE:Cloak						COST:(2*(2000*(max(%SPELLLEVEL,(1/2)))*%CASTERLEVEL))+%SPELLCOST+(5*%SPELLXPCOST)		VISIBLE:QUALIFY	ITYPE:Magic																																																				SOURCELONG:Dungeon Master's Guide	SOURCESHORT:dmg		SOURCEPAGE:p.																		PRETYPE:Cloak																																																																																																																																																																	CHOOSE:EQBUILDER.SPELL
#|Spell Effect (Continuous/Spell duration 10 min/level)	KEY:CLOAK_SPL_CON_HOUR							TYPE:Cloak						COST:(1.5*(2000*(max(%SPELLLEVEL,(1/2)))*%CASTERLEVEL))+%SPELLCOST+(5*%SPELLXPCOST)		VISIBLE:QUALIFY	ITYPE:Magic																																																				SOURCELONG:Dungeon Master's Guide	SOURCESHORT:dmg		SOURCEPAGE:p.																		PRETYPE:Cloak																																																																																																																																																																	CHOOSE:EQBUILDER.SPELL
#|Spell Effect (Continuous/Spell duration 24-hours +)		KEY:CLOAK_SPL_CON_DAY							TYPE:Cloak						COST:(.5*(2000*(max(%SPELLLEVEL,(1/2)))*%CASTERLEVEL))+%SPELLCOST+(5*%SPELLXPCOST)		VISIBLE:QUALIFY	ITYPE:Magic																																																				SOURCELONG:Dungeon Master's Guide	SOURCESHORT:dmg		SOURCEPAGE:p.																		PRETYPE:Cloak																																																																																																																																																																	CHOOSE:EQBUILDER.SPELL

#Deadly Precision.MOD	KEY:WEAP_DEADLY_PREC	SPROP:Deadly Precision (+2d6 sneak attack)
